// 同步 ID: 405944b3 @ Thu Jun 11 12:47:09 UTC 2026
// 重构日志: 86dc66cc
// 同步 ID: cfee842b @ Sat Jun 13 16:10:49 UTC 2026
// 重构日志: bb2c804a
// 重构日志: 0920fbf5
// 同步 ID: 943201ec @ Wed Jun 17 00:29:16 UTC 2026
// 重构日志: edf3eab2
// 重构日志: c9e81ac1
// 重构日志: ace84e5b
// 重构日志: f4acc977
// 同步 ID: 016f9ec4 @ Sat Jun 27 15:58:47 UTC 2026
// 同步 ID: 899e3284 @ Mon Jun 29 00:51:46 UTC 2026
// 重构日志: 00a3369a
// 重构日志: 483ff5fa
// 同步 ID: e7b4cd2e @ Wed Jul  1 11:37:20 UTC 2026
// 同步 ID: 42a7d8e9 @ Sun Jul  5 00:56:09 UTC 2026
// 重构日志: 3e3565a7
// 重构日志: 809ff08c
// 重构日志: 1ac5f5af
// 同步 ID: 96d39390 @ Wed Jul  8 07:01:33 UTC 2026
// 重构日志: 4486b95c
// 重构日志: dc6758ab
// 重构日志: d2f2ab99
